
> nextapp@0.1.0 build
> next build

Γû▓ Next.js 16.2.1 (Turbopack)

  Creating an optimized production build ...
Γ£ô Compiled successfully in 3.6s
  Running TypeScript ...
  Finished TypeScript in 2.5s ...
  Collecting page data using 7 workers ...
  Generating static pages using 7 workers (0/10) ...
  Generating static pages using 7 workers (2/10) 
  Generating static pages using 7 workers (4/10) 
  Generating static pages using 7 workers (7/10) 
Γ£ô Generating static pages using 7 workers (10/10) in 489ms
  Finalizing page optimization ...

Route (app)
Γöî Γùï /
Γö£ Γùï /_not-found
Γö£ Γùï /auth
Γö£ Γùï /blog
Γö£ ╞Æ /blog/[slug]
Γö£ Γùï /community
Γö£ Γùï /ecosystem
Γö£ Γùï /ideas
Γö£ ╞Æ /profile/[id]
Γö£ ╞Æ /project/[id]
Γöö Γùï /projects


Γùï  (Static)   prerendered as static content
╞Æ  (Dynamic)  server-rendered on demand

